// Jest Snapshot v1, https://goo.gl/fbAQLP

exports[`App Contains the compiled JavaScript 1`] = `""`;
